******************************************************************************
                  TI ARM Linker Unix v20.2.1                   
******************************************************************************
>> Linked Thu Dec 17 11:58:52 2020

OUTPUT FILE NAME:   <empty_CC1352R1_LAUNCHXL_tirtos_ccs.out>
ENTRY POINT SYMBOL: "ResetISR"  address: 000024a1


MEMORY CONFIGURATION

         name            origin    length      used     unused   attr    fill
----------------------  --------  ---------  --------  --------  ----  --------
  FLASH                 00000000   00058000  00003e5c  000541a4  R  X
  GPRAM                 11000000   00002000  00000000  00002000  RW X
  SRAM                  20000000   00014000  00004f05  0000f0fb  RW X
  LOG_DATA              90000000   00040000  00000000  00040000  R   


SEGMENT ALLOCATION MAP

run origin  load origin   length   init length attrs members
----------  ----------- ---------- ----------- ----- -------
00000000    00000000    00003e08   00003e08    r-x
  00000000    00000000    0000003c   0000003c    r-- .resetVecs
  0000003c    0000003c    00003644   00003644    r-x .text
  00003680    00003680    000005a4   000005a4    r-- .const
  00003c28    00003c28    000001e0   000001e0    r-- .cinit
00057fa8    00057fa8    00000058   00000058    r--
  00057fa8    00057fa8    00000058   00000058    r-- .ccfg
20000100    20000100    0000000c   00000000    rw-
  20000100    20000100    00000004   00000000    rw- .data:xdcRomConstPtr
  20000104    20000104    00000004   00000000    rw- .data:xdcRomExternFuncPtr
  20000108    20000108    00000004   00000000    rw- .data:xdcRomStatePtr
20000110    20000110    00004000   00000000    r--
  20000110    20000110    00004000   00000000    r-- .priheap
20004110    20004110    00000a25   00000000    rw-
  20004110    20004110    000005cc   00000000    rw- .data
  200046e0    200046e0    00000455   00000000    rw- .bss
20013c00    20013c00    00000400   00000000    rw-
  20013c00    20013c00    00000400   00000000    rw- .stack


SECTION ALLOCATION MAP

 output                                  attributes/
section   page    origin      length       input sections
--------  ----  ----------  ----------   ----------------
.binit     0    00000000    00000000     

.cinit     0    00003c28    000001e0     
                  00003c28    00000185     (.cinit..data.load) [load image, compression = lzss]
                  00003dad    00000003     --HOLE-- [fill = 0]
                  00003db0    0000000c     (__TI_handler_table)
                  00003dbc    00000004     --HOLE-- [fill = 0]
                  00003dc0    00000008     (.cinit..bss.load) [load image, compression = zero_init]
                  00003dc8    00000008     (.cinit..data:xdcRomConstPtr.load) [load image, compression = lzss]
                  00003dd0    00000008     (.cinit..data:xdcRomExternFuncPtr.load) [load image, compression = lzss]
                  00003dd8    00000008     (.cinit..data:xdcRomStatePtr.load) [load image, compression = lzss]
                  00003de0    00000028     (__TI_cinit_table)

.init_array 
*          0    00000000    00000000     UNINITIALIZED

.ccfg      0    00057fa8    00000058     
                  00057fa8    00000058     ti_devices_config.obj (.ccfg:retain)

.data      0    20004110    000005cc     UNINITIALIZED
                  20004110    00000170     drivers_cc13x2.a : PowerCC26X2.oem4f (.data:PowerCC26X2_module)
                  20004280    0000010c     release_pem4f.oem4f (.data:ROM_stateStruct)
                  2000438c    00000088     rom_sysbios.aem4f : rom_sysbios.obj (.data:$O1$$)
                  20004414    00000054     release_pem4f.oem4f (.data:ti_sysbios_gates_GateMutex_Object__table__V)
                  20004468    0000004c     release_pem4f.oem4f (.data:ti_sysbios_knl_Task_Object__table__V)
                  200044b4    00000004     drivers_cc13x2.a : GPIOCC26XX.oem4f (.data:gpioPinTable)
                  200044b8    00000048     release_pem4f.oem4f (.data:ti_sysbios_family_arm_cc26xx_Timer_Object__table__V)
                  20004500    00000030     release_pem4f.oem4f (.data:ti_sysbios_knl_Swi_Module_State_0_readyQ__A)
                  20004530    00000030     release_pem4f.oem4f (.data:ti_sysbios_knl_Swi_Object__table__V)
                  20004560    00000030     release_pem4f.oem4f (.data:ti_sysbios_knl_Task_Module_State_0_readyQ__A)
                  20004590    00000024     driverlib.lib : osc.obj (.data:$O1$$)
                  200045b4    00000020     release_pem4f.oem4f (.data:ti_sysbios_knl_Clock_Object__table__V)
                  200045d4    00000020     release_pem4f.oem4f (.data:xdc_runtime_Error_IgnoreBlock)
                  200045f4    00000018     release_pem4f.oem4f (.data:ti_sysbios_family_arm_m3_Hwi_Object__table__V)
                  2000460c    00000018     release_pem4f.oem4f (.data:ti_sysbios_heaps_HeapMem_Object__table__V)
                  20004624    00000014     release_pem4f.oem4f (.data:ti_sysbios_family_arm_cc26xx_Seconds_Module__state__V)
                  20004638    00000008     rtsv7M4_T_le_v4SPD16_eabi.lib : _lock.c.obj (.data:$O1$$)
                  20004640    00000008     drivers_cc13x2.a : PINCC26XX.oem4f (.data)
                  20004648    00000008     ti_drivers_config.obj (.data:gpioCallbackFunctions)
                  20004650    00000008     ti_drivers_config.obj (.data:gpioPinConfigs)
                  20004658    00000008     release_pem4f.oem4f (.data:ti_sysbios_family_arm_m3_Hwi_Module__root__V)
                  20004660    00000008     release_pem4f.oem4f (.data:ti_sysbios_gates_GateHwi_Module__root__V)
                  20004668    00000008     release_pem4f.oem4f (.data:ti_sysbios_gates_GateMutex_Module__root__V)
                  20004670    00000008     release_pem4f.oem4f (.data:ti_sysbios_hal_Hwi_Module__root__V)
                  20004678    00000008     release_pem4f.oem4f (.data:ti_sysbios_heaps_HeapMem_Module__root__V)
                  20004680    00000008     release_pem4f.oem4f (.data:ti_sysbios_knl_Clock_Module__root__V)
                  20004688    00000008     release_pem4f.oem4f (.data:ti_sysbios_knl_Event_Module__root__V)
                  20004690    00000008     release_pem4f.oem4f (.data:ti_sysbios_knl_Mailbox_Module__root__V)
                  20004698    00000008     release_pem4f.oem4f (.data:ti_sysbios_knl_Queue_Module__root__V)
                  200046a0    00000008     release_pem4f.oem4f (.data:ti_sysbios_knl_Semaphore_Module__root__V)
                  200046a8    00000008     release_pem4f.oem4f (.data:ti_sysbios_knl_Swi_Module__root__V)
                  200046b0    00000008     release_pem4f.oem4f (.data:ti_sysbios_knl_Task_Module__root__V)
                  200046b8    00000008     release_pem4f.oem4f (.data:xdc_runtime_System_Module_State_0_atexitHandlers__A)
                  200046c0    00000005     drivers_cc13x2.a : GPIOCC26XX.oem4f (.data)
                  200046c5    00000001     --HOLE--
                  200046c6    00000002     release_pem4f.oem4f (.data:ti_sysbios_family_arm_m3_Hwi_Module_State_0_excActive__A)
                  200046c8    00000004     rtsv7M4_T_le_v4SPD16_eabi.lib : rand.c.obj (.data)
                  200046cc    00000004                                   : stkdepth_vars.c.obj (.data)
                  200046d0    00000004     release_pem4f.oem4f (.data:ti_sysbios_family_arm_m3_Hwi_Module_State_0_excContext__A)
                  200046d4    00000004     release_pem4f.oem4f (.data:ti_sysbios_family_arm_m3_Hwi_Module_State_0_excStack__A)
                  200046d8    00000004     release_pem4f.oem4f (.data:ti_sysbios_knl_Task_Module_State_0_idleTask__A)

.bss       0    200046e0    00000455     UNINITIALIZED
                  200046e0    00000200     release_pem4f.oem4f (.bss:taskStackSection)
                  200048e0    000000d8     (.common:ti_sysbios_family_arm_m3_Hwi_dispatchTable)
                  200049b8    0000007c     (.common:pinHandleTable)
                  20004a34    00000050     drivers_cc13x2.a : PINCC26XX.oem4f (.bss:pinSemaphore)
                  20004a84    00000034                      : PINCC26XX.oem4f (.bss:pinSwi)
                  20004ab8    00000020                      : GPIOCC26XX.oem4f (.bss:gpioCallbackInfo)
                  20004ad8    00000020                      : PINCC26XX.oem4f (.bss:pinGpioConfigTable)
                  20004af8    0000001c                      : PINCC26XX.oem4f (.bss:pinHwi)
                  20004b14    0000000c                      : GPIOCC26XX.oem4f (.bss:gpioPinState)
                  20004b20    00000008                      : GPIOCC26XX.oem4f (.bss)
                  20004b28    00000004                      : PINCC26XX.oem4f (.bss)
                  20004b2c    00000004     (.common:PowerCC26XX_swiKey)
                  20004b30    00000004     (.common:PowerCC26XX_taskKey)
                  20004b34    00000001     (.common:driverlib_release_0_58048)

.stack     0    20013c00    00000400     UNINITIALIZED
                  20013c00    00000400     --HOLE--

.priheap   0    20000110    00004000     UNINITIALIZED
                  20000110    00004000     --HOLE--

.log_data 
*          0    90000000    00000000     COPY SECTION

.data:xdcRomConstPtr 
*          0    20000100    00000004     UNINITIALIZED
                  20000100    00000004     release_pem4f.oem4f (.data:xdcRomConstPtr)

.data:xdcRomExternFuncPtr 
*          0    20000104    00000004     UNINITIALIZED
                  20000104    00000004     release_pem4f.oem4f (.data:xdcRomExternFuncPtr)

.data:xdcRomStatePtr 
*          0    20000108    00000004     UNINITIALIZED
                  20000108    00000004     release_pem4f.oem4f (.data:xdcRomStatePtr)

.bootVecs 
*          0    00000000    00000008     DSECT
                  00000000    00000008     boot.aem4f : boot.oem4f (.bootVecs)

.resetVecs 
*          0    00000000    0000003c     
                  00000000    0000003c     release_pem4f.oem4f (.resetVecs)

.vecs      0    20000000    000000d8     NOLOAD SECTION
                  20000000    000000d8     release_pem4f.oem4f (.vecs)

xdc.meta   0    00000000    00000109     COPY SECTION
                  00000000    00000109     release_pem4f.oem4f (xdc.meta)

xdc.noload 
*          0    00000000    00000000     COPY SECTION

__llvm_prf_cnts 
*          0    20000000    00000000     UNINITIALIZED

.text      0    0000003c    00003644     
                  0000003c    000001cc     drivers_cc13x2.a : PINCC26XX.oem4f (.text:PIN_init)
                  00000208    000001b6     rtsv7M4_T_le_v4SPD16_eabi.lib : fd_add_t2.asm.obj (.text)
                  000003be    00000002     ti_drivers_config.obj (.text:Board_initHook)
                  000003c0    00000198     drivers_cc13x2.a : PowerCC26X2.oem4f (.text:Power_sleep)
                  00000558    00000190                      : PowerCC26X2_calibrateRCOSC.oem4f (.text:calibrateRcoscHf1)
                  000006e8    0000018c                      : PowerCC26X2_calibrateRCOSC.oem4f (.text:runCalibrateFsm)
                  00000874    00000188     release_pem4f.oem4f (.text:xdc_runtime_System_printfExtend__I)
                  000009fc    00000174     drivers_cc13x2.a : PowerCC26X2.oem4f (.text:Power_init)
                  00000b70    00000120                      : PowerCC26X2.oem4f (.text:configureXOSCHF)
                  00000c90    00000110                      : GPIOCC26XX.oem4f (.text:GPIO_setConfig)
                  00000da0    000000fc     rtsv7M4_T_le_v4SPD16_eabi.lib : fd_mul_t2.asm.obj (.text)
                  00000e9c    000000f8     driverlib.lib : sys_ctrl.obj (.text:NOROM_SysCtrlStandby)
                  00000f94    000000f8     drivers_cc13x2.a : PINCC26XX.oem4f (.text:PINCC26XX_setIoCfg)
                  0000108c    000000ec     rom_sysbios.aem4f : rom_sysbios.obj (.text:pthread_create)
                  00001178    000000c8     dpl_cc13x2.a : PowerCC26X2_tirtos.oem4f (.text:PowerCC26XX_standbyPolicy)
                  00001240    000000c4     drivers_cc13x2.a : GPIOCC26XX.oem4f (.text:GPIO_init)
                  00001304    000000c0                      : PowerCC26X2.oem4f (.text:Power_releaseDependency)
                  000013c4    000000b8                      : PowerCC26X2.oem4f (.text:Power_setDependency)
                  0000147c    000000ac                      : PINCC26XX.oem4f (.text:PIN_open)
                  00001528    000000ac     driverlib.lib : setup.obj (.text:TrimAfterColdResetWakeupFromShutDown)
                  000015d4    000000a0     auto_init.aem4f : auto_init.oem4f (.text)
                  00001674    000000a0     rom_sysbios.aem4f : rom_sysbios.obj (.text:ti_sysbios_knl_Task_setPri__E)
                  00001714    0000009c     rtsv7M4_T_le_v4SPD16_eabi.lib : memcpy_t2.asm.obj (.text)
                  000017b0    00000098     driverlib.lib : setup.obj (.text:NOROM_SetupTrimDevice)
                  00001848    00000096     rtsv7M4_T_le_v4SPD16_eabi.lib : ull_div_t2.asm.obj (.text)
                  000018de    00000002                                   : _lock.c.obj (.text:_nop)
                  000018e0    00000088     driverlib.lib : osc.obj (.text:NOROM_OSCHF_AttemptToSwitchToXosc)
                  00001968    00000088     rom_sysbios.aem4f : rom_sysbios.obj (.text:_pthread_removeThreadKeys)
                  000019f0    00000088     drivers_cc13x2.a : PowerCC26X2_calibrateRCOSC.oem4f (.text:calibrateRcoscHf2)
                  00001a78    00000088                      : PowerCC26X2.oem4f (.text:disableLFClockQualifiers)
                  00001b00    00000088                      : PowerCC26X2_calibrateRCOSC.oem4f (.text:updateSubSecInc)
                  00001b88    00000086     rtsv7M4_T_le_v4SPD16_eabi.lib : fd_cmp_t2.asm.obj (.text:__aeabi_cdcmple)
                  00001c0e    00000086                                   : fd_cmp_t2.asm.obj (.text:__aeabi_cdrcmple)
                  00001c94    00000084     ti_drivers_config.obj (.text:Board_sendExtFlashByte)
                  00001d18    00000084     rom_sysbios.aem4f : rom_sysbios.obj (.text:ti_sysbios_family_arm_m3_Hwi_excHandlerMin__I)
                  00001d9c    00000080     driverlib.lib : sys_ctrl.obj (.text:NOROM_SysCtrlSetRechargeBeforePowerDown)
                  00001e1c    00000080     rom_sysbios.aem4f : rom_sysbios.obj (.text:ti_sysbios_family_arm_cc26xx_Timer_start__E)
                  00001e9c    0000007a     rtsv7M4_T_le_v4SPD16_eabi.lib : memset_t2.asm.obj (.text)
                  00001f16    00000002     drivers_cc13x2.a : PowerCC26X2.oem4f (.text:emptyClockFunc)
                  00001f18    00000074                      : PowerCC26X2_calibrateRCOSC.oem4f (.text:PowerCC26X2_auxISR)
                  00001f8c    00000070                      : PINCC26XX.oem4f (.text:PIN_add)
                  00001ffc    0000006d     rom_sysbios.aem4f : rom_sysbios.obj (.text:xdc_runtime_System_formatNum__I)
                  00002069    00000001     --HOLE-- [fill = 0]
                  0000206a    00000002     rtsv7M4_T_le_v4SPD16_eabi.lib : div0.asm.obj (.text)
                  0000206c    0000006c     driverlib.lib : chipinfo.obj (.text:NOROM_ChipInfo_GetChipType)
                  000020d8    00000068                   : osc.obj (.text:NOROM_OSCHF_SwitchToRcOscTurnOffXosc)
                  00002140    00000068     rtsv7M4_T_le_v4SPD16_eabi.lib : copy_decompress_lzss.c.obj (.text:decompress:lzss:__TI_decompress_lzss)
                  000021a8    00000066     empty.obj (.text:mainThread)
                  0000220e    00000002     release_pem4f.oem4f (.text:ti_sysbios_BIOS_nullFunc__I)
                  00002210    00000064     main_tirtos.obj (.text:main)
                  00002274    00000060     drivers_cc13x2.a : GPIOCC26XX.oem4f (.text:GPIO_write)
                  000022d4    00000060     rom_sysbios.aem4f : rom_sysbios.obj (.text:ti_sysbios_family_arm_cc26xx_Seconds_getTime__E)
                  00002334    0000005c     drivers_cc13x2.a : PINCC26XX.oem4f (.text:PIN_remove)
                  00002390    0000005c     rom_sysbios.aem4f : rom_sysbios.obj (.text:ti_sysbios_heaps_HeapMem_initPrimary__I)
                  000023ec    0000005c     release_pem4f.oem4f (.text:xdc_runtime_Startup_getState__I)
                  00002448    00000058     drivers_cc13x2.a : PowerCC26X2_calibrateRCOSC.oem4f (.text:PowerCC26X2_initiateCalibration)
                  000024a0    00000058     boot.aem4f : boot.oem4f (.text)
                  000024f8    00000058     rom_sysbios.aem4f : rom_sysbios.obj (.text:pthread_exit)
                  00002550    00000054     driverlib.lib : prcm.obj (.text:NOROM_PRCMPowerDomainsAllOff)
                  000025a4    00000054     dpl_cc13x2.a : SwiP_tirtos.oem4f (.text:SwiP_construct)
                  000025f8    0000004c     ti_drivers_config.obj (.text:Board_wakeUpExtFlash)
                  00002644    0000004c     driverlib.lib : prcm.obj (.text:NOROM_PRCMPowerDomainsAllOn)
                  00002690    0000004c     rtsv7M4_T_le_v4SPD16_eabi.lib : cpy_tbl.c.obj (.text:copy_in)
                  000026dc    00000048     drivers_cc13x2.a : PowerCC26X2_calibrateRCOSC.oem4f (.text:PowerCC26X2_RCOSC_clockFunc)
                  00002724    00000048     rtsv7M4_T_le_v4SPD16_eabi.lib : fd_toi_t2.asm.obj (.text)
                  0000276c    00000048     drivers_cc13x2.a : PowerCC26X2.oem4f (.text:switchXOSCHF)
                  000027b4    00000044     driverlib.lib : chipinfo.obj (.text:NOROM_ChipInfo_GetHwRevision)
                  000027f8    00000044     drivers_cc13x2.a : PINCC26XX.oem4f (.text:PIN_swi)
                  0000283c    00000044     rtsv7M4_T_le_v4SPD16_eabi.lib : fd_tou_t2.asm.obj (.text)
                  00002880    00000040     ti_drivers_config.obj (.text:Board_shutDownExtFlash)
                  000028c0    00000040     dpl_cc13x2.a : ClockP_tirtos.oem4f (.text:ClockP_construct)
                  00002900    00000040     driverlib.lib : osc.obj (.text:NOROM_OSC_HPOSCRelativeFrequencyOffsetGet)
                  00002940    00000040     rtsv7M4_T_le_v4SPD16_eabi.lib : u_divt2.asm.obj (.text)
                  00002980    00000040     rom_sysbios.aem4f : rom_sysbios.obj (.text:ti_sysbios_family_arm_cc26xx_Timer_setThreshold__I)
                  000029c0    0000003e     dpl_cc13x2.a : HwiP_tirtos.oem4f (.text:HwiP_construct)
                  000029fe    00000002     rom_sysbios.aem4f : rom_sysbios.obj (.text:xdc_runtime_SysCallback_defaultAbort)
                  00002a00    0000003c     drivers_cc13x2.a : PINCC26XX.oem4f (.text:PIN_setOutputValue)
                  00002a3c    0000003c     rom_sysbios.aem4f : rom_sysbios.obj (.text:sleep)
                  00002a78    0000003c                       : rom_sysbios.obj (.text:ti_sysbios_family_arm_m3_Hwi_construct2__E)
                  00002ab4    00000038     drivers_cc13x2.a : PINCC26XX.oem4f (.text:PIN_setConfig)
                  00002aec    00000038     rom_sysbios.aem4f : rom_sysbios.obj (.text:getTime$13)
                  00002b24    00000038     drivers_cc13x2.a : PowerCC26X2.oem4f (.text:notify)
                  00002b5c    00000038     rtsv7M4_T_le_v4SPD16_eabi.lib : fs_tod_t2.asm.obj (.text)
                  00002b94    00000036     rom_sysbios.aem4f : rom_sysbios.obj (.text:ti_sysbios_family_arm_cc26xx_Timer_setNextTick__E)
                  00002bca    00000002                       : rom_sysbios.obj (.text:xdc_runtime_SysCallback_defaultExit)
                  00002bcc    00000034     driverlib.lib : aux_sysif.obj (.text:NOROM_AUXSYSIFOpModeChange)
                  00002c00    00000034                   : sys_ctrl.obj (.text:NOROM_SysCtrlIdle)
                  00002c34    00000034     rtsv7M4_T_le_v4SPD16_eabi.lib : rand.c.obj (.text:rand)
                  00002c68    00000030     drivers_cc13x2.a : GPIOCC26XX.oem4f (.text:GPIO_hwiIntFxn)
                  00002c98    00000030                      : GPIOCC26XX.oem4f (.text:GPIO_setCallback)
                  00002cc8    00000030                      : PowerCC26X2.oem4f (.text:Power_releaseConstraint)
                  00002cf8    00000030                      : PowerCC26X2.oem4f (.text:Power_setConstraint)
                  00002d28    00000030     release_pem4f.oem4f (.text:ti_sysbios_BIOS_atExitFunc__I)
                  00002d58    00000030     release_pem4f.oem4f (.text:ti_sysbios_BIOS_startFunc__I)
                  00002d88    00000030     rom_sysbios.aem4f : rom_sysbios.obj (.text:ti_sysbios_family_arm_cc26xx_Timer_getCurrentTick__E)
                  00002db8    00000030                       : rom_sysbios.obj (.text:ti_sysbios_family_arm_cc26xx_Timer_initDevice__I)
                  00002de8    0000002e     rtsv7M4_T_le_v4SPD16_eabi.lib : i_tofd_t2.asm.obj (.text)
                  00002e16    0000002c     dpl_cc13x2.a : SemaphoreP_tirtos.oem4f (.text:SemaphoreP_constructBinary)
                  00002e42    00000002     rom_sysbios.aem4f : rom_sysbios.obj (.text:xdc_runtime_SysCallback_defaultFlush)
                  00002e44    0000002c     dpl_cc13x2.a : SemaphoreP_tirtos.oem4f (.text:SemaphoreP_createBinary)
                  00002e70    0000002c     rom_sysbios.aem4f : rom_sysbios.obj (.text:_pthread_delete$45)
                  00002e9c    0000002c                       : rom_sysbios.obj (.text:pthread_setcancelstate)
                  00002ec8    0000002c                       : rom_sysbios.obj (.text:ti_sysbios_knl_Clock_getTicksUntilInterrupt__E)
                  00002ef4    00000028     drivers_cc13x2.a : PowerCC26X2.oem4f (.text:oscillatorISR)
                  00002f1c    00000024     driverlib.lib : osc.obj (.text:NOROM_OSCHF_TurnOnXosc)
                  00002f40    00000024     rom_sysbios.aem4f : rom_sysbios.obj (.text:_pthread_cleanupFxn)
                  00002f64    00000024     drivers_cc13x2.a : PowerCC26X2_calibrateRCOSC.oem4f (.text:getTdcSemaphore)
                  00002f88    00000024     rom_sysbios.aem4f : rom_sysbios.obj (.text:pthread_attr_init)
                  00002fac    00000024     rtsv7M4_T_le_v4SPD16_eabi.lib : rand.c.obj (.text:srand)
                  00002fd0    00000024     release_pem4f.oem4f (.text:ti_sysbios_BIOS_registerRTSLock__I)
                  00002ff4    00000024     release_pem4f.oem4f (.text:ti_sysbios_BIOS_removeRTSLock__I)
                  00003018    00000024     rom_sysbios.aem4f : rom_sysbios.obj (.text:ti_sysbios_family_arm_cc26xx_Timer_getMaxTicks__E)
                  0000303c    00000020     ti_drivers_config.obj (.text:Board_init)
                  0000305c    00000020     drivers_cc13x2.a : PINCC26XX.oem4f (.text:PINCC26XX_setIoCfgMux)
                  0000307c    00000020     release_pem4f.oem4f (.text:ti_sysbios_BIOS_rtsLock__I)
                  0000309c    00000020     rom_sysbios.aem4f : rom_sysbios.obj (.text:ti_sysbios_family_arm_cc26xx_Timer_dynamicStub__E)
                  000030bc    00000020                       : rom_sysbios.obj (.text:xdc_runtime_Error_policyMin__E)
                  000030dc    0000001e     drivers_cc13x2.a : PINCC26XX.oem4f (.text:PIN_close)
                  000030fa    0000001e                      : PowerCC26X2.oem4f (.text:Power_getTransitionLatency)
                  00003118    0000001c     driverlib.lib : chipinfo.obj (.text:NOROM_ChipInfo_GetChipFamily)
                  00003134    0000001c     drivers_cc13x2.a : PINCC26XX.oem4f (.text:PIN_hwi)
                  00003150    0000001c     dpl_cc13x2.a : PowerCC26X2_tirtos.oem4f (.text:PowerCC26XX_schedulerDisable)
                  0000316c    0000001c                  : PowerCC26X2_tirtos.oem4f (.text:PowerCC26XX_schedulerRestore)
                  00003188    0000001c     rom_sysbios.aem4f : rom_sysbios.obj (.text:ti_sysbios_knl_Swi_construct2__E)
                  000031a4    0000001c     release_pem4f.oem4f (.text:xdc_runtime_Startup_exec__I)
                  000031c0    0000001a     drivers_cc13x2.a : PowerCC26X2.oem4f (.text:PowerCC26XX_calibrate)
                  000031da    00000002     rom_sysbios.aem4f : rom_sysbios.obj (.text:xdc_runtime_SysCallback_defaultPutch)
                  000031dc    00000018     driverlib.lib : chipinfo.obj (.text:NOROM_ChipInfo_GetPackageType)
                  000031f4    00000018     drivers_cc13x2.a : PowerCC26X2.oem4f (.text:Power_idleFunc)
                  0000320c    00000018     rtsv7M4_T_le_v4SPD16_eabi.lib : args_main.c.obj (.text:_args_main)
                  00003224    00000018                                   : ll_mul_t2.asm.obj (.text)
                  0000323c    00000018     drivers_cc13x2.a : PowerCC26X2.oem4f (.text:switchToTCXO)
                  00003254    00000018     release_pem4f.oem4f (.text:ti_sysbios_BIOS_rtsUnlock__I)
                  0000326c    00000018     rom_sysbios.aem4f : rom_sysbios.obj (.text:ti_sysbios_knl_Swi_or__E)
                  00003284    00000018     release_pem4f.oem4f (.text:time)
                  0000329c    00000018     rom_sysbios.aem4f : rom_sysbios.obj (.text:xdc_runtime_Error_init__E)
                  000032b4    00000016     driverlib.lib : chipinfo.obj (.text:NOROM_ThisLibraryIsFor_CC13x2_CC26x2_HwRev20AndLater_HaltIfViolated)
                  000032ca    00000016     rom_sysbios.aem4f : rom_sysbios.obj (.text:_pthread_cleanup_pop)
                  000032e0    00000016     release_pem4f.oem4f (.text:ti_sysbios_BIOS_exitFunc__I)
                  000032f6    00000014     drivers_cc13x2.a : PowerCC26X2_calibrateRCOSC.oem4f (.text:PowerCC26X2_calibrate)
                  0000330a    00000014     rom_sysbios.aem4f : rom_sysbios.obj (.text:pthread_attr_setschedparam)
                  0000331e    00000002     --HOLE-- [fill = 0]
                  00003320    00000014                       : rom_sysbios.obj (.text:ti_sysbios_family_arm_cc26xx_Timer_getCount64__E)
                  00003334    00000014     release_pem4f.oem4f (.text:ti_sysbios_knl_Clock_doTick__I)
                  00003348    00000012     dpl_cc13x2.a : SemaphoreP_tirtos.oem4f (.text:SemaphoreP_pend)
                  0000335a    00000012     rom_sysbios.aem4f : rom_sysbios.obj (.text:_pthread_runStub$45)
                  0000336c    00000010     dpl_cc13x2.a : HwiP_tirtos.oem4f (.text:HwiP_Params_init)
                  0000337c    00000010     drivers_cc13x2.a : PINCC26XX.oem4f (.text:PINCC26XX_getPinCount)
                  0000338c    00000010     dpl_cc13x2.a : SwiP_tirtos.oem4f (.text:SwiP_Params_init)
                  0000339c    0000000e     rtsv7M4_T_le_v4SPD16_eabi.lib : copy_decompress_none.c.obj (.text:decompress:none:__TI_decompress_none)
                  000033aa    0000000e     rom_sysbios.aem4f : rom_sysbios.obj (.text:pthread_attr_setdetachstate)
                  000033b8    0000000e                       : rom_sysbios.obj (.text:ti_sysbios_family_arm_cc26xx_TimestampProvider_get32__E)
                  000033c6    00000002     --HOLE-- [fill = 0]
                  000033c8    0000000c     dpl_cc13x2.a : ClockP_tirtos.oem4f (.text:ClockP_getSystemTickPeriod)
                  000033d4    0000000c     driverlib.lib : cpu.obj (.text:NOROM_CPUcpsid)
                  000033e0    0000000c                   : cpu.obj (.text:NOROM_CPUcpsie)
                  000033ec    0000000c     drivers_cc13x2.a : PINCC26XX.oem4f (.text:PIN_registerIntCb)
                  000033f8    0000000c                      : PowerCC26X2.oem4f (.text:Power_getConstraintMask)
                  00003404    0000000c                      : PowerCC26X2.oem4f (.text:Power_getDependencyCount)
                  00003410    0000000c     dpl_cc13x2.a : SemaphoreP_tirtos.oem4f (.text:SemaphoreP_delete)
                  0000341c    0000000c     rtsv7M4_T_le_v4SPD16_eabi.lib : _lock.c.obj (.text:_register_lock)
                  00003428    0000000c                                   : _lock.c.obj (.text:_register_unlock)
                  00003434    0000000c                                   : copy_zero_init.c.obj (.text:decompress:ZI:__TI_zero_init)
                  00003440    0000000c     rom_sysbios.aem4f : rom_sysbios.obj (.text:pthread_self)
                  0000344c    0000000c                       : rom_sysbios.obj (.text:ti_sysbios_family_arm_cc26xx_Seconds_get__E)
                  00003458    0000000c                       : rom_sysbios.obj (.text:ti_sysbios_knl_Queue_insert__E)
                  00003464    0000000c                       : rom_sysbios.obj (.text:ti_sysbios_knl_Swi_getTrigger__E)
                  00003470    0000000a     dpl_cc13x2.a : ClockP_tirtos.oem4f (.text:ClockP_Params_init)
                  0000347a    00000008     release_pem4f.oem4f (.text:xdc_runtime_Text_visitRope__I)
                  00003482    00000006     driverlib.lib : cpu.obj (.text:NOROM_CPUdelay)
                  00003488    00000006     drivers_cc13x2.a : PowerCC26X2.oem4f (.text:delayUs)
                  0000348e    00000006     rom_sysbios.aem4f : rom_sysbios.obj (.text:pthread_attr_setstacksize)
                  00003494    00000004     dpl_cc13x2.a : PowerCC26X2_tirtos.oem4f (.text:CPUwfi)
                  00003498    00000004                  : ClockP_tirtos.oem4f (.text:ClockP_start)
                  0000349c    00000004                  : ClockP_tirtos.oem4f (.text:ClockP_stop)
                  000034a0    00000004                  : HwiP_tirtos.oem4f (.text:HwiP_disable)
                  000034a4    00000004                  : SemaphoreP_tirtos.oem4f (.text:SemaphoreP_post)
                  000034a8    00000004                  : SwiP_tirtos.oem4f (.text:SwiP_getTrigger)
                  000034ac    00000004                  : SwiP_tirtos.oem4f (.text:SwiP_or)
                  000034b0    00000004     drivers_cc13x2.a : PowerCC26X2.oem4f (.text:configureRFCoreClocks)
                  000034b4    00000004                      : PowerCC26X2.oem4f (.text:nopResourceHandler)
                  000034b8    00000004     rom_sysbios.aem4f : rom_sysbios.obj (.text:ti_sysbios_knl_Task_getArg1__E)
                  000034bc    00000004                       : rom_sysbios.obj (.text:ti_sysbios_knl_Task_getEnv__E)
                  000034c0    00000004     release_pem4f.oem4f (.text:xdc_runtime_Startup_reset__I)
                  000034c4    00000004     rom_sysbios.aem4f : rom_sysbios.obj (.text:xdc_runtime_SysCallback_defaultReady)
                  000034c8    00000008     (.tramp.ti_sysbios_family_arm_m3_Hwi_disableFxn__E.1)
                  000034d0    00000008     (.tramp.ti_sysbios_knl_Task_self__E.1)
                  000034d8    00000008     (.tramp.ti_sysbios_knl_Semaphore_delete.1)
                  000034e0    00000008     (.tramp.ti_sysbios_knl_Clock_logTick__E.1)
                  000034e8    00000008     (.tramp.ti_sysbios_knl_Swi_post__E.1)
                  000034f0    00000008     (.tramp.ti_sysbios_BIOS_RtsGateProxy_leave__E.1)
                  000034f8    00000008     (.tramp.ti_sysbios_knl_Swi_construct.1)
                  00003500    00000008     (.tramp.ti_sysbios_knl_Swi_restore__E.1)
                  00003508    00000008     (.tramp.ti_sysbios_BIOS_RtsGateProxy_enter__E.1)
                  00003510    00000008     (.tramp.ti_sysbios_knl_Clock_TimerProxy_getCurrentTick__E.1)
                  00003518    00000008     (.tramp.ti_sysbios_knl_Task_delete.1)
                  00003520    00000008     (.tramp.ti_sysbios_knl_Semaphore_destruct.1)
                  00003528    00000008     (.tramp.ti_sysbios_knl_Semaphore_create.1)
                  00003530    00000008     (.tramp.ti_sysbios_knl_Task_startup__E.1)
                  00003538    00000008     (.tramp.ti_sysbios_knl_Swi_startup__E.1)
                  00003540    00000008     (.tramp.ti_sysbios_hal_Hwi_startup__E.1)
                  00003548    00000008     (.tramp.ti_sysbios_family_arm_cc26xx_Timer_startup__E.1)
                  00003550    00000008     (.tramp.xdc_runtime_System_atexit__E.1)
                  00003558    00000008     (.tramp.ti_sysbios_BIOS_linkedWithIncorrectBootLibrary__E.1)
                  00003560    00000008     (.tramp.xdc_runtime_Startup_rtsDone__E.1)
                  00003568    00000008     (.tramp.ti_sysbios_knl_Swi_disable__E.1)
                  00003570    00000008     (.tramp.ti_sysbios_family_arm_m3_Hwi_construct.1)
                  00003578    00000008     (.tramp.ti_sysbios_knl_Task_sleep__E.1)
                  00003580    00000008     (.tramp.ti_sysbios_family_arm_m3_Hwi_Params__init__S.1)
                  00003588    00000008     (.tramp.ti_sysbios_knl_Clock_construct.1)
                  00003590    00000008     (.tramp.ti_sysbios_knl_Clock_Params__init__S.1)
                  00003598    00000008     (.tramp.ti_sysbios_knl_Swi_Params__init__S.1)
                  000035a0    00000008     (.tramp.xdc_runtime_System_exit__E.1)
                  000035a8    00000008     (.tramp.ti_sysbios_heaps_HeapMem_restore__E.1)
                  000035b0    00000008     (.tramp.ti_sysbios_heaps_HeapMem_Object__get__S.1)
                  000035b8    00000008     (.tramp.ti_sysbios_BIOS_start__E.1)
                  000035c0    00000008     (.tramp.xdc_runtime_Error_raiseX__E.1)
                  000035c8    00000008     (.tramp.ti_sysbios_BIOS_setThreadType__E.1)
                  000035d0    00000008     (.tramp.ti_sysbios_family_arm_m3_Hwi_excFillContext__I.1)
                  000035d8    00000008     (.tramp.ti_sysbios_knl_Semaphore_post__E.1)
                  000035e0    00000008     (.tramp.xdc_runtime_Memory_free__E.1)
                  000035e8    00000008     (.tramp.ti_sysbios_knl_Queue_next__E.1)
                  000035f0    00000008     (.tramp.ti_sysbios_knl_Queue_head__E.1)
                  000035f8    00000008     (.tramp.ti_sysbios_knl_Semaphore_pend__E.1)
                  00003600    00000008     (.tramp.ti_sysbios_knl_Task_restore__E.1)
                  00003608    00000008     (.tramp.ti_sysbios_knl_Queue_enqueue__E.1)
                  00003610    00000008     (.tramp.ti_sysbios_knl_Queue_empty__E.1)
                  00003618    00000008     (.tramp.ti_sysbios_knl_Queue_remove__E.1)
                  00003620    00000008     (.tramp.ti_sysbios_knl_Task_disable__E.1)
                  00003628    00000008     (.tramp.ti_sysbios_knl_Clock_stop__E.1)
                  00003630    00000008     (.tramp.ti_sysbios_knl_Clock_start__E.1)
                  00003638    00000008     (.tramp.ti_sysbios_knl_Clock_setTimeout__E.1)
                  00003640    00000008     (.tramp.ti_sysbios_knl_Task_create.1)
                  00003648    00000008     (.tramp.ti_sysbios_knl_Semaphore_construct.1)
                  00003650    00000008     (.tramp.ti_sysbios_knl_Semaphore_Params__init__S.1)
                  00003658    00000008     (.tramp.ti_sysbios_knl_Queue_construct.1)
                  00003660    00000008     (.tramp.xdc_runtime_Memory_alloc__E.1)
                  00003668    00000008     (.tramp.ti_sysbios_knl_Task_Params__init__S.1)
                  00003670    00000008     (.tramp.ti_sysbios_family_arm_m3_Hwi_restoreFxn__E.1)
                  00003678    00000008     (.tramp.xdc_runtime_System_doPrint__I.1)

.const     0    00003680    000005a4     
                  00003680    000003b8     release_pem4f.oem4f (.const:ROM_constStruct)
                  00003a38    00000054     drivers_cc13x2.a : PowerCC26X2.oem4f (.const:resourceDB)
                  00003a8c    00000048     release_pem4f.oem4f (.const:.string)
                  00003ad4    00000048     release_pem4f.oem4f (.const:ROM_externFuncPtrs)
                  00003b1c    00000024     release_pem4f.oem4f (.const:xdc_runtime_Startup_sfxnTab__A)
                  00003b40    00000018     drivers_cc13x2.a : GPIOCC26XX.oem4f (.const:interruptType)
                  00003b58    00000014     ti_drivers_config.obj (.const:$P$T1$2)
                  00003b6c    00000014     ti_drivers_config.obj (.const:GPIOCC26XX_config)
                  00003b80    00000014     ti_drivers_config.obj (.const:PowerCC26X2_config)
                  00003b94    00000012     release_pem4f.oem4f (.const:xdc_runtime_Startup_sfxnRts__A)
                  00003ba6    00000001     release_pem4f.oem4f (.const:xdc_runtime_Text_charTab__A)
                  00003ba7    00000001     --HOLE-- [fill = 0]
                  00003ba8    00000010     drivers_cc13x2.a : GPIOCC26XX.oem4f (.const:outPinTypes)
                  00003bb8    0000000c     ti_drivers_config.obj (.const:BoardGpioInitTable)
                  00003bc4    0000000c     drivers_cc13x2.a : GPIOCC26XX.oem4f (.const:inPinTypes)
                  00003bd0    0000000c                      : GPIOCC26XX.oem4f (.const:outPinStrengths)
                  00003bdc    0000000c     release_pem4f.oem4f (.const:xdc_runtime_Startup_firstFxns__A)
                  00003be8    00000008     driverlib.lib : aux_sysif.obj (.const:$O1$$)
                  00003bf0    00000008     ti_drivers_config.obj (.const:$P$T0$1)
                  00003bf8    00000008     ti_drivers_config.obj (.const:PINCC26XX_hwAttrs)
                  00003c00    00000008     release_pem4f.oem4f (.const:ti_sysbios_family_arm_m3_Hwi_excHookFuncs__A)
                  00003c08    00000008     release_pem4f.oem4f (.const:ti_sysbios_knl_Idle_funcList__A)
                  00003c10    00000004     release_pem4f.oem4f (.const:ti_sysbios_family_arm_m3_Hwi_E_exception__C)
                  00003c14    00000004     release_pem4f.oem4f (.const:ti_sysbios_heaps_HeapMem_primaryHeapBaseAddr__C)
                  00003c18    00000004     release_pem4f.oem4f (.const:ti_sysbios_heaps_HeapMem_primaryHeapEndAddr__C)
                  00003c1c    00000004     release_pem4f.oem4f (.const:ti_sysbios_knl_Clock_tickPeriod__C)
                  00003c20    00000004     release_pem4f.oem4f (.const:ti_sysbios_knl_Task_Object__heap__C)

MODULE SUMMARY

       Module                             code    ro data   rw data
       ------                             ----    -------   -------
    ./
       empty.obj                          102     0         0      
       main_tirtos.obj                    100     0         0      
    +--+----------------------------------+-------+---------+---------+
       Total:                             202     0         0      
                                                                   
    ./syscfg/
       ti_drivers_config.obj              306     88        16     
       ti_devices_config.obj              0       88        0      
    +--+----------------------------------+-------+---------+---------+
       Total:                             306     176       16     
                                                                   
    /Users/imarchenko/Downloads/Blinking!/tirtos_builds_cc13x2_cc26x2_release_ccs/Debug/configPkg/package/cfg/
       release_pem4f.oem4f                816     1259      1850   
    +--+----------------------------------+-------+---------+---------+
       Total:                             816     1259      1850   
                                                                   
    /Applications/ti/ccs1011/ccs/tools/compiler/ti-cgt-arm_20.2.1.LTS/lib/rtsv7M4_T_le_v4SPD16_eabi.lib
       fd_add_t2.asm.obj                  438     0         0      
       fd_cmp_t2.asm.obj                  268     0         0      
       fd_mul_t2.asm.obj                  252     0         0      
       memcpy_t2.asm.obj                  156     0         0      
       ull_div_t2.asm.obj                 150     0         0      
       memset_t2.asm.obj                  122     0         0      
       copy_decompress_lzss.c.obj         104     0         0      
       rand.c.obj                         88      0         4      
       cpy_tbl.c.obj                      76      0         0      
       fd_toi_t2.asm.obj                  72      0         0      
       fd_tou_t2.asm.obj                  68      0         0      
       u_divt2.asm.obj                    64      0         0      
       fs_tod_t2.asm.obj                  56      0         0      
       i_tofd_t2.asm.obj                  46      0         0      
       _lock.c.obj                        26      0         8      
       args_main.c.obj                    24      0         0      
       ll_mul_t2.asm.obj                  24      0         0      
       copy_decompress_none.c.obj         14      0         0      
       copy_zero_init.c.obj               12      0         0      
       stkdepth_vars.c.obj                0       0         4      
       div0.asm.obj                       2       0         0      
    +--+----------------------------------+-------+---------+---------+
       Total:                             2062    0         16     
                                                                   
    /Users/imarchenko/Downloads/Blinking!/tirtos_builds_cc13x2_cc26x2_release_ccs/src/sysbios/rom_sysbios.aem4f
       rom_sysbios.obj                    2129    0         136    
    +--+----------------------------------+-------+---------+---------+
       Total:                             2129    0         136    
                                                                   
    /Volumes/Storage/shared/imarchenko/ti/simplelink_cc13x2_26x2_sdk_4_30_00_54/kernel/tirtos/packages/ti/dpl/lib/ccs/m4f/dpl_cc13x2.a
       PowerCC26X2_tirtos.oem4f           260     0         8      
       SemaphoreP_tirtos.oem4f            122     0         0      
       SwiP_tirtos.oem4f                  108     0         0      
       ClockP_tirtos.oem4f                94      0         0      
       HwiP_tirtos.oem4f                  82      0         0      
    +--+----------------------------------+-------+---------+---------+
       Total:                             666     0         8      
                                                                   
    /Volumes/Storage/shared/imarchenko/ti/simplelink_cc13x2_26x2_sdk_4_30_00_54/kernel/tirtos/packages/ti/targets/arm/rtsarm/lib/auto_init.aem4f
       auto_init.oem4f                    160     0         0      
    +--+----------------------------------+-------+---------+---------+
       Total:                             160     0         0      
                                                                   
    /Volumes/Storage/shared/imarchenko/ti/simplelink_cc13x2_26x2_sdk_4_30_00_54/kernel/tirtos/packages/ti/targets/arm/rtsarm/lib/boot.aem4f
       boot.oem4f                         88      0         0      
    +--+----------------------------------+-------+---------+---------+
       Total:                             88      0         0      
                                                                   
    /Volumes/Storage/shared/imarchenko/ti/simplelink_cc13x2_26x2_sdk_4_30_00_54/source/ti/devices/cc13x2_cc26x2/driverlib/bin/ccs/driverlib.lib
       sys_ctrl.obj                       428     0         0      
       osc.obj                            340     0         36     
       setup.obj                          324     0         0      
       chipinfo.obj                       250     0         0      
       prcm.obj                           160     0         0      
       aux_sysif.obj                      52      8         0      
       cpu.obj                            30      0         0      
       driverlib_release.obj              0       0         1      
    +--+----------------------------------+-------+---------+---------+
       Total:                             1584    8         37     
                                                                   
    /Volumes/Storage/shared/imarchenko/ti/simplelink_cc13x2_26x2_sdk_4_30_00_54/source/ti/drivers/lib/ccs/m4f/drivers_cc13x2.a
       PowerCC26X2.oem4f                  1988    84        368    
       PINCC26XX.oem4f                    1386    0         328    
       PowerCC26X2_calibrateRCOSC.oem4f   1400    0         0      
       GPIOCC26XX.oem4f                   660     64        61     
    +--+----------------------------------+-------+---------+---------+
       Total:                             5434    148       757    
                                                                   
       Stack:                             0       0         1024   
       Linker Generated:                  440     473       0      
    +--+----------------------------------+-------+---------+---------+
       Grand Total:                       13887   2064      3844   


LINKER GENERATED COPY TABLES

__TI_cinit_table @ 00003de0 records: 5, size/record: 8, table size: 40
	.data: load addr=00003c28, load size=00000185 bytes, run addr=20004110, run size=000005cc bytes, compression=lzss
	.bss: load addr=00003dc0, load size=00000008 bytes, run addr=200046e0, run size=00000455 bytes, compression=zero_init
	.data:xdcRomConstPtr: load addr=00003dc8, load size=00000008 bytes, run addr=20000100, run size=00000004 bytes, compression=lzss
	.data:xdcRomExternFuncPtr: load addr=00003dd0, load size=00000008 bytes, run addr=20000104, run size=00000004 bytes, compression=lzss
	.data:xdcRomStatePtr: load addr=00003dd8, load size=00000008 bytes, run addr=20000108, run size=00000004 bytes, compression=lzss


LINKER GENERATED HANDLER TABLE

__TI_handler_table @ 00003db0 records: 3, size/record: 4, table size: 12
	index: 0, handler: __TI_decompress_lzss
	index: 1, handler: __TI_decompress_none
	index: 2, handler: __TI_zero_init


FAR CALL TRAMPOLINES

callee name               trampoline name
   callee addr  tramp addr   call addr  call info
--------------  -----------  ---------  ----------------
ti_sysbios_family_arm_m3_Hwi_disableFxn__E  $Tramp$TT$L$PI$$ti_sysbios_family_arm_m3_Hwi_disableFxn__E
   1002eb55     000034c8     000034a0   dpl_cc13x2.a : HwiP_tirtos.oem4f (.text:HwiP_disable)
ti_sysbios_knl_Task_self__E  $Tramp$TT$L$PI$$ti_sysbios_knl_Task_self__E
   1002eaf5     000034d0     00003442   rom_sysbios.aem4f : rom_sysbios.obj (.text:pthread_self)
ti_sysbios_knl_Semaphore_delete  $Tramp$TT$L$PI$$ti_sysbios_knl_Semaphore_delete
   1002ecdb     000034d8     00003416   dpl_cc13x2.a : SemaphoreP_tirtos.oem4f (.text:SemaphoreP_delete)
ti_sysbios_knl_Clock_logTick__E  $Tramp$TT$L$PI$$ti_sysbios_knl_Clock_logTick__E
   1002dbd7     000034e0     00003336   release_pem4f.oem4f (.text:ti_sysbios_knl_Clock_doTick__I)
ti_sysbios_knl_Swi_post__E  $Tramp$TT$L$PI$$ti_sysbios_knl_Swi_post__E
   1002d891     000034e8     00003280   rom_sysbios.aem4f : rom_sysbios.obj (.text:ti_sysbios_knl_Swi_or__E)
                             0000333e   release_pem4f.oem4f (.text:ti_sysbios_knl_Clock_doTick__I)
ti_sysbios_BIOS_RtsGateProxy_leave__E  $Tramp$TT$L$PI$$ti_sysbios_BIOS_RtsGateProxy_leave__E
   1002ec7b     000034f0     00003262   release_pem4f.oem4f (.text:ti_sysbios_BIOS_rtsUnlock__I)
ti_sysbios_knl_Swi_construct  $Tramp$TT$L$PI$$ti_sysbios_knl_Swi_construct
   1002d719     000034f8     0000318e   rom_sysbios.aem4f : rom_sysbios.obj (.text:ti_sysbios_knl_Swi_construct2__E)
ti_sysbios_knl_Swi_restore__E  $Tramp$TT$L$PI$$ti_sysbios_knl_Swi_restore__E
   1002db61     00003500     00003172   dpl_cc13x2.a : PowerCC26X2_tirtos.oem4f (.text:PowerCC26XX_schedulerRestore)
ti_sysbios_BIOS_RtsGateProxy_enter__E  $Tramp$TT$L$PI$$ti_sysbios_BIOS_RtsGateProxy_enter__E
   1002ec77     00003508     00003082   release_pem4f.oem4f (.text:ti_sysbios_BIOS_rtsLock__I)
ti_sysbios_knl_Clock_TimerProxy_getCurrentTick__E  $Tramp$TT$L$PI$$ti_sysbios_knl_Clock_TimerProxy_getCurrentTick__E
   1002eac5     00003510     00002eda   rom_sysbios.aem4f : rom_sysbios.obj (.text:ti_sysbios_knl_Clock_getTicksUntilInterrupt__E)
ti_sysbios_knl_Task_delete  $Tramp$TT$L$PI$$ti_sysbios_knl_Task_delete
   1002ece7     00003518     00002e84   rom_sysbios.aem4f : rom_sysbios.obj (.text:_pthread_delete$45)
ti_sysbios_knl_Semaphore_destruct  $Tramp$TT$L$PI$$ti_sysbios_knl_Semaphore_destruct
   1002e6fd     00003520     00002e78   rom_sysbios.aem4f : rom_sysbios.obj (.text:_pthread_delete$45)
ti_sysbios_knl_Semaphore_create  $Tramp$TT$L$PI$$ti_sysbios_knl_Semaphore_create
   1002dc49     00003528     00002e64   dpl_cc13x2.a : SemaphoreP_tirtos.oem4f (.text:SemaphoreP_createBinary)
ti_sysbios_knl_Task_startup__E  $Tramp$TT$L$PI$$ti_sysbios_knl_Task_startup__E
   1002eceb     00003530     00002d7c   release_pem4f.oem4f (.text:ti_sysbios_BIOS_startFunc__I)
ti_sysbios_knl_Swi_startup__E  $Tramp$TT$L$PI$$ti_sysbios_knl_Swi_startup__E
   1002ec6b     00003538     00002d78   release_pem4f.oem4f (.text:ti_sysbios_BIOS_startFunc__I)
ti_sysbios_hal_Hwi_startup__E  $Tramp$TT$L$PI$$ti_sysbios_hal_Hwi_startup__E
   1002ec31     00003540     00002d74   release_pem4f.oem4f (.text:ti_sysbios_BIOS_startFunc__I)
ti_sysbios_family_arm_cc26xx_Timer_startup__E  $Tramp$TT$L$PI$$ti_sysbios_family_arm_cc26xx_Timer_startup__E
   1002dcf1     00003548     00002d70   release_pem4f.oem4f (.text:ti_sysbios_BIOS_startFunc__I)
xdc_runtime_System_atexit__E  $Tramp$TT$L$PI$$xdc_runtime_System_atexit__E
   1002f559     00003550     00002d68   release_pem4f.oem4f (.text:ti_sysbios_BIOS_startFunc__I)
ti_sysbios_BIOS_linkedWithIncorrectBootLibrary__E  $Tramp$TT$L$PI$$ti_sysbios_BIOS_linkedWithIncorrectBootLibrary__E
   1002d01b     00003558     00002d62   release_pem4f.oem4f (.text:ti_sysbios_BIOS_startFunc__I)
xdc_runtime_Startup_rtsDone__E  $Tramp$TT$L$PI$$xdc_runtime_Startup_rtsDone__E
   1002f8e5     00003560     00002d5a   release_pem4f.oem4f (.text:ti_sysbios_BIOS_startFunc__I)
ti_sysbios_knl_Swi_disable__E  $Tramp$TT$L$PI$$ti_sysbios_knl_Swi_disable__E
   1002ea25     00003568     00002d2a   release_pem4f.oem4f (.text:ti_sysbios_BIOS_atExitFunc__I)
                             0000315a   dpl_cc13x2.a : PowerCC26X2_tirtos.oem4f (.text:PowerCC26XX_schedulerDisable)
ti_sysbios_family_arm_m3_Hwi_construct  $Tramp$TT$L$PI$$ti_sysbios_family_arm_m3_Hwi_construct
   1002d421     00003570     00002a92   rom_sysbios.aem4f : rom_sysbios.obj (.text:ti_sysbios_family_arm_m3_Hwi_construct2__E)
ti_sysbios_knl_Task_sleep__E  $Tramp$TT$L$PI$$ti_sysbios_knl_Task_sleep__E
   1002ce01     00003578     00002a66   rom_sysbios.aem4f : rom_sysbios.obj (.text:sleep)
ti_sysbios_family_arm_m3_Hwi_Params__init__S  $Tramp$TT$L$PI$$ti_sysbios_family_arm_m3_Hwi_Params__init__S
   1002eb49     00003580     000029dc   dpl_cc13x2.a : HwiP_tirtos.oem4f (.text:HwiP_construct)
ti_sysbios_knl_Clock_construct  $Tramp$TT$L$PI$$ti_sysbios_knl_Clock_construct
   1002dd8d     00003588     000028f6   dpl_cc13x2.a : ClockP_tirtos.oem4f (.text:ClockP_construct)
ti_sysbios_knl_Clock_Params__init__S  $Tramp$TT$L$PI$$ti_sysbios_knl_Clock_Params__init__S
   1002eb9d     00003590     000028dc   dpl_cc13x2.a : ClockP_tirtos.oem4f (.text:ClockP_construct)
ti_sysbios_knl_Swi_Params__init__S  $Tramp$TT$L$PI$$ti_sysbios_knl_Swi_Params__init__S
   1002ebf1     00003598     000025ce   dpl_cc13x2.a : SwiP_tirtos.oem4f (.text:SwiP_construct)
xdc_runtime_System_exit__E  $Tramp$TT$L$PI$$xdc_runtime_System_exit__E
   1002f7b1     000035a0     000024e0   boot.aem4f : boot.oem4f (.text)
                             000032f0   release_pem4f.oem4f (.text:ti_sysbios_BIOS_exitFunc__I)
ti_sysbios_heaps_HeapMem_restore__E  $Tramp$TT$L$PI$$ti_sysbios_heaps_HeapMem_restore__E
   1002eb13     000035a8     000023d4   rom_sysbios.aem4f : rom_sysbios.obj (.text:ti_sysbios_heaps_HeapMem_initPrimary__I)
ti_sysbios_heaps_HeapMem_Object__get__S  $Tramp$TT$L$PI$$ti_sysbios_heaps_HeapMem_Object__get__S
   1002e275     000035b0     000023a4   rom_sysbios.aem4f : rom_sysbios.obj (.text:ti_sysbios_heaps_HeapMem_initPrimary__I)
ti_sysbios_BIOS_start__E  $Tramp$TT$L$PI$$ti_sysbios_BIOS_start__E
   1002eaa5     000035b8     00002266   main_tirtos.obj (.text:main)
xdc_runtime_Error_raiseX__E  $Tramp$TT$L$PI$$xdc_runtime_Error_raiseX__E
   1002f739     000035c0     00001d7a   rom_sysbios.aem4f : rom_sysbios.obj (.text:ti_sysbios_family_arm_m3_Hwi_excHandlerMin__I)
ti_sysbios_BIOS_setThreadType__E  $Tramp$TT$L$PI$$ti_sysbios_BIOS_setThreadType__E
   1002ea11     000035c8     00001d3a   rom_sysbios.aem4f : rom_sysbios.obj (.text:ti_sysbios_family_arm_m3_Hwi_excHandlerMin__I)
                             00002d34   release_pem4f.oem4f (.text:ti_sysbios_BIOS_atExitFunc__I)
                             000032ea   release_pem4f.oem4f (.text:ti_sysbios_BIOS_exitFunc__I)
ti_sysbios_family_arm_m3_Hwi_excFillContext__I  $Tramp$TT$L$PI$$ti_sysbios_family_arm_m3_Hwi_excFillContext__I
   1002bda9     000035d0     00001d34   rom_sysbios.aem4f : rom_sysbios.obj (.text:ti_sysbios_family_arm_m3_Hwi_excHandlerMin__I)
ti_sysbios_knl_Semaphore_post__E  $Tramp$TT$L$PI$$ti_sysbios_knl_Semaphore_post__E
   1002cd21     000035d8     000019d6   rom_sysbios.aem4f : rom_sysbios.obj (.text:_pthread_removeThreadKeys)
                             00002528                     : rom_sysbios.obj (.text:pthread_exit)
                             000034a4   dpl_cc13x2.a : SemaphoreP_tirtos.oem4f (.text:SemaphoreP_post)
xdc_runtime_Memory_free__E  $Tramp$TT$L$PI$$xdc_runtime_Memory_free__E
   1002f81d     000035e0     000019cc   rom_sysbios.aem4f : rom_sysbios.obj (.text:_pthread_removeThreadKeys)
                             00002e90                     : rom_sysbios.obj (.text:_pthread_delete$45)
ti_sysbios_knl_Queue_next__E  $Tramp$TT$L$PI$$ti_sysbios_knl_Queue_next__E
   1002ecd7     000035e8     000019a6   rom_sysbios.aem4f : rom_sysbios.obj (.text:_pthread_removeThreadKeys)
ti_sysbios_knl_Queue_head__E  $Tramp$TT$L$PI$$ti_sysbios_knl_Queue_head__E
   1002ecd3     000035f0     00001992   rom_sysbios.aem4f : rom_sysbios.obj (.text:_pthread_removeThreadKeys)
ti_sysbios_knl_Semaphore_pend__E  $Tramp$TT$L$PI$$ti_sysbios_knl_Semaphore_pend__E
   1002bfb1     000035f8     0000198c   rom_sysbios.aem4f : rom_sysbios.obj (.text:_pthread_removeThreadKeys)
                             0000334a   dpl_cc13x2.a : SemaphoreP_tirtos.oem4f (.text:SemaphoreP_pend)
ti_sysbios_knl_Task_restore__E  $Tramp$TT$L$PI$$ti_sysbios_knl_Task_restore__E
   1002df45     00003600     00001702   rom_sysbios.aem4f : rom_sysbios.obj (.text:ti_sysbios_knl_Task_setPri__E)
                             00001980                     : rom_sysbios.obj (.text:_pthread_removeThreadKeys)
                             000019e0                     : rom_sysbios.obj (.text:_pthread_removeThreadKeys)
                             0000253a                     : rom_sysbios.obj (.text:pthread_exit)
                             00002f50                     : rom_sysbios.obj (.text:_pthread_cleanupFxn)
                             0000317a   dpl_cc13x2.a : PowerCC26X2_tirtos.oem4f (.text:PowerCC26XX_schedulerRestore)
ti_sysbios_knl_Queue_enqueue__E  $Tramp$TT$L$PI$$ti_sysbios_knl_Queue_enqueue__E
   1002ebd9     00003608     000016d4   rom_sysbios.aem4f : rom_sysbios.obj (.text:ti_sysbios_knl_Task_setPri__E)
ti_sysbios_knl_Queue_empty__E  $Tramp$TT$L$PI$$ti_sysbios_knl_Queue_empty__E
   1002eb21     00003610     000016bc   rom_sysbios.aem4f : rom_sysbios.obj (.text:ti_sysbios_knl_Task_setPri__E)
                             00001978                     : rom_sysbios.obj (.text:_pthread_removeThreadKeys)
ti_sysbios_knl_Queue_remove__E  $Tramp$TT$L$PI$$ti_sysbios_knl_Queue_remove__E
   1002eb2f     00003618     000016b6   rom_sysbios.aem4f : rom_sysbios.obj (.text:ti_sysbios_knl_Task_setPri__E)
                             000019ae                     : rom_sysbios.obj (.text:_pthread_removeThreadKeys)
                             000019b4                     : rom_sysbios.obj (.text:_pthread_removeThreadKeys)
ti_sysbios_knl_Task_disable__E  $Tramp$TT$L$PI$$ti_sysbios_knl_Task_disable__E
   1002ea4d     00003620     0000167c   rom_sysbios.aem4f : rom_sysbios.obj (.text:ti_sysbios_knl_Task_setPri__E)
                             0000196e                     : rom_sysbios.obj (.text:_pthread_removeThreadKeys)
                             0000252e                     : rom_sysbios.obj (.text:pthread_exit)
                             00002d2e   release_pem4f.oem4f (.text:ti_sysbios_BIOS_atExitFunc__I)
                             00002f42   rom_sysbios.aem4f : rom_sysbios.obj (.text:_pthread_cleanupFxn)
                             00003152   dpl_cc13x2.a : PowerCC26X2_tirtos.oem4f (.text:PowerCC26XX_schedulerDisable)
ti_sysbios_knl_Clock_stop__E  $Tramp$TT$L$PI$$ti_sysbios_knl_Clock_stop__E
   1002e2c5     00003628     000011de   dpl_cc13x2.a : PowerCC26X2_tirtos.oem4f (.text:PowerCC26XX_standbyPolicy)
                             0000349c                : ClockP_tirtos.oem4f (.text:ClockP_stop)
ti_sysbios_knl_Clock_start__E  $Tramp$TT$L$PI$$ti_sysbios_knl_Clock_start__E
   1002e9e7     00003630     000011ca   dpl_cc13x2.a : PowerCC26X2_tirtos.oem4f (.text:PowerCC26XX_standbyPolicy)
                             00003498                : ClockP_tirtos.oem4f (.text:ClockP_start)
ti_sysbios_knl_Clock_setTimeout__E  $Tramp$TT$L$PI$$ti_sysbios_knl_Clock_setTimeout__E
   1002ecc3     00003638     000011c4   dpl_cc13x2.a : PowerCC26X2_tirtos.oem4f (.text:PowerCC26XX_standbyPolicy)
ti_sysbios_knl_Task_create  $Tramp$TT$L$PI$$ti_sysbios_knl_Task_create
   1002d529     00003640     0000113e   rom_sysbios.aem4f : rom_sysbios.obj (.text:pthread_create)
ti_sysbios_knl_Semaphore_construct  $Tramp$TT$L$PI$$ti_sysbios_knl_Semaphore_construct
   1002ddc1     00003648     00001134   rom_sysbios.aem4f : rom_sysbios.obj (.text:pthread_create)
                             00002e38   dpl_cc13x2.a : SemaphoreP_tirtos.oem4f (.text:SemaphoreP_constructBinary)
ti_sysbios_knl_Semaphore_Params__init__S  $Tramp$TT$L$PI$$ti_sysbios_knl_Semaphore_Params__init__S
   1002ebe5     00003650     00001122   rom_sysbios.aem4f : rom_sysbios.obj (.text:pthread_create)
                             00002e28   dpl_cc13x2.a : SemaphoreP_tirtos.oem4f (.text:SemaphoreP_constructBinary)
                             00002e54                : SemaphoreP_tirtos.oem4f (.text:SemaphoreP_createBinary)
ti_sysbios_knl_Queue_construct  $Tramp$TT$L$PI$$ti_sysbios_knl_Queue_construct
   1002dee5     00003658     00001116   rom_sysbios.aem4f : rom_sysbios.obj (.text:pthread_create)
xdc_runtime_Memory_alloc__E  $Tramp$TT$L$PI$$xdc_runtime_Memory_alloc__E
   1002f289     00003660     000010be   rom_sysbios.aem4f : rom_sysbios.obj (.text:pthread_create)
ti_sysbios_knl_Task_Params__init__S  $Tramp$TT$L$PI$$ti_sysbios_knl_Task_Params__init__S
   1002ec09     00003668     000010aa   rom_sysbios.aem4f : rom_sysbios.obj (.text:pthread_create)
ti_sysbios_family_arm_m3_Hwi_restoreFxn__E  $Tramp$TT$L$PI$$ti_sysbios_family_arm_m3_Hwi_restoreFxn__E
   1002ec47     00003670     00000d02   drivers_cc13x2.a : GPIOCC26XX.oem4f (.text:GPIO_setConfig)
                             00000d32                    : GPIOCC26XX.oem4f (.text:GPIO_setConfig)
                             00001056                    : PINCC26XX.oem4f (.text:PINCC26XX_setIoCfg)
                             0000125a                    : GPIOCC26XX.oem4f (.text:GPIO_init)
                             00001260                    : GPIOCC26XX.oem4f (.text:GPIO_init)
                             000013a4                    : PowerCC26X2.oem4f (.text:Power_releaseDependency)
                             0000145e                    : PowerCC26X2.oem4f (.text:Power_setDependency)
                             000022c6                    : GPIOCC26XX.oem4f (.text:GPIO_write)
                             0000246e                    : PowerCC26X2_calibrateRCOSC.oem4f (.text:PowerCC26X2_initiateCalibration)
                             0000278a                    : PowerCC26X2.oem4f (.text:switchXOSCHF)
                             00002cec                    : PowerCC26X2.oem4f (.text:Power_releaseConstraint)
                             00002d1c                    : PowerCC26X2.oem4f (.text:Power_setConstraint)
xdc_runtime_System_doPrint__I  $Tramp$TT$L$PI$$xdc_runtime_System_doPrint__I
   1002ecf1     00003678     000008be   release_pem4f.oem4f (.text:xdc_runtime_System_printfExtend__I)

[55 trampolines]
[93 trampoline calls]


GLOBAL SYMBOLS: SORTED ALPHABETICALLY BY Name 

address   name                                                               
-------   ----                                                               
00003bb8  BoardGpioInitTable                                                 
0000303d  Board_init                                                         
000003bf  Board_initHook                                                     
00001c95  Board_sendExtFlashByte                                             
00002881  Board_shutDownExtFlash                                             
000025f9  Board_wakeUpExtFlash                                               
00003471  ClockP_Params_init                                                 
000028c1  ClockP_construct                                                   
000033c9  ClockP_getSystemTickPeriod                                         
1002dc11  ClockP_getSystemTicks                                              
00003499  ClockP_start                                                       
0000349d  ClockP_stop                                                        
00003b6c  GPIOCC26XX_config                                                  
00002c69  GPIO_hwiIntFxn                                                     
00001241  GPIO_init                                                          
00002c99  GPIO_setCallback                                                   
00000c91  GPIO_setConfig                                                     
00002275  GPIO_write                                                         
00004000  HEAPSIZE                                                           
0000336d  HwiP_Params_init                                                   
000029c1  HwiP_construct                                                     
000034a1  HwiP_disable                                                       
1002ec47  HwiP_restore                                                       
UNDEFED   ITM_flush                                                          
UNDEFED   ITM_restore                                                        
00002bcd  NOROM_AUXSYSIFOpModeChange                                         
000033d5  NOROM_CPUcpsid                                                     
000033e1  NOROM_CPUcpsie                                                     
00003483  NOROM_CPUdelay                                                     
00003119  NOROM_ChipInfo_GetChipFamily                                       
0000206d  NOROM_ChipInfo_GetChipType                                         
000027b5  NOROM_ChipInfo_GetHwRevision                                       
000031dd  NOROM_ChipInfo_GetPackageType                                      
000018e1  NOROM_OSCHF_AttemptToSwitchToXosc                                  
000020d9  NOROM_OSCHF_SwitchToRcOscTurnOffXosc                               
00002f1d  NOROM_OSCHF_TurnOnXosc                                             
00002901  NOROM_OSC_HPOSCRelativeFrequencyOffsetGet                          
00002551  NOROM_PRCMPowerDomainsAllOff                                       
00002645  NOROM_PRCMPowerDomainsAllOn                                        
000017b1  NOROM_SetupTrimDevice                                              
00002c01  NOROM_SysCtrlIdle                                                  
00001d9d  NOROM_SysCtrlSetRechargeBeforePowerDown                            
00000e9d  NOROM_SysCtrlStandby                                               
000032b5  NOROM_ThisLibraryIsFor_CC13x2_CC26x2_HwRev20AndLater_HaltIfViolated
0000337d  PINCC26XX_getPinCount                                              
00003bf8  PINCC26XX_hwAttrs                                                  
00001f8d  PIN_add                                                            
000030dd  PIN_close                                                          
0000003d  PIN_init                                                           
0000147d  PIN_open                                                           
000033ed  PIN_registerIntCb                                                  
00002335  PIN_remove                                                         
00002ab5  PIN_setConfig                                                      
00002a01  PIN_setOutputValue                                                 
000026dd  PowerCC26X2_RCOSC_clockFunc                                        
00001f19  PowerCC26X2_auxISR                                                 
000032f7  PowerCC26X2_calibrate                                              
00003b80  PowerCC26X2_config                                                 
00002449  PowerCC26X2_initiateCalibration                                    
20004110  PowerCC26X2_module                                                 
000031c1  PowerCC26XX_calibrate                                              
00003151  PowerCC26XX_schedulerDisable                                       
0000316d  PowerCC26XX_schedulerRestore                                       
00001179  PowerCC26XX_standbyPolicy                                          
20004b2c  PowerCC26XX_swiKey                                                 
20004b30  PowerCC26XX_taskKey                                                
000033f9  Power_getConstraintMask                                            
00003405  Power_getDependencyCount                                           
000030fb  Power_getTransitionLatency                                         
000031f5  Power_idleFunc                                                     
000009fd  Power_init                                                         
00002cc9  Power_releaseConstraint                                            
00001305  Power_releaseDependency                                            
00002cf9  Power_setConstraint                                                
000013c5  Power_setDependency                                                
000003c1  Power_sleep                                                        
00003680  ROM_constStruct                                                    
00003ad4  ROM_externFuncPtrs                                                 
20004280  ROM_stateStruct                                                    
000024a1  ResetISR                                                           
UNDEFED   SHT$$INIT_ARRAY$$Base                                              
UNDEFED   SHT$$INIT_ARRAY$$Limit                                             
00002e17  SemaphoreP_constructBinary                                         
00002e45  SemaphoreP_createBinary                                            
00003411  SemaphoreP_delete                                                  
00003349  SemaphoreP_pend                                                    
000034a5  SemaphoreP_post                                                    
0000338d  SwiP_Params_init                                                   
000025a5  SwiP_construct                                                     
000034a9  SwiP_getTrigger                                                    
000034ad  SwiP_or                                                            
1002db61  SwiP_restore                                                       
00000000  __ASM__                                                            
00000086  __ISA__                                                            
00000099  __PLAT__                                                           
20014000  __STACK_END                                                        
00000400  __STACK_SIZE                                                       
000000c0  __TARG__                                                           
00003de0  __TI_CINIT_Base                                                    
00003e08  __TI_CINIT_Limit                                                   
00003db0  __TI_Handler_Table_Base                                            
00003dbc  __TI_Handler_Table_Limit                                           
000015d5  __TI_auto_init                                                     
00002141  __TI_decompress_lzss                                               
0000339d  __TI_decompress_none                                               
ffffffff  __TI_pprof_out_hndl                                                
ffffffff  __TI_prof_data_size                                                
ffffffff  __TI_prof_data_start                                               
00000000  __TI_static_base__                                                 
00003435  __TI_zero_init                                                     
000000e6  __TRDR__                                                           
00001b89  __aeabi_cdcmpeq                                                    
00001b89  __aeabi_cdcmple                                                    
00001c0f  __aeabi_cdrcmple                                                   
00002725  __aeabi_d2iz                                                       
0000283d  __aeabi_d2uiz                                                      
00000213  __aeabi_dadd                                                       
00000da1  __aeabi_dmul                                                       
00000209  __aeabi_dsub                                                       
00002b5d  __aeabi_f2d                                                        
00002de9  __aeabi_i2d                                                        
0000206b  __aeabi_idiv0                                                      
0000206b  __aeabi_ldiv0                                                      
00003225  __aeabi_lmul                                                       
00001e9d  __aeabi_memclr                                                     
00001e9d  __aeabi_memclr4                                                    
00001e9d  __aeabi_memclr8                                                    
00001715  __aeabi_memcpy                                                     
00001715  __aeabi_memcpy4                                                    
00001715  __aeabi_memcpy8                                                    
00001e9f  __aeabi_memset                                                     
00001e9f  __aeabi_memset4                                                    
00001e9f  __aeabi_memset8                                                    
00002941  __aeabi_uidiv                                                      
00002941  __aeabi_uidivmod                                                   
00001849  __aeabi_uldivmod                                                   
ffffffff  __binit__                                                          
ffffffff  __c_args__                                                         
00057fa8  __ccfg                                                             
20004110  __primary_heap_end__                                               
20000110  __primary_heap_start__                                             
20013c00  __stack                                                            
20000000  __start___llvm_prf_cnts                                            
20000000  __stop___llvm_prf_cnts                                             
0000320d  _args_main                                                         
000024a1  _c_int00                                                           
20004590  _hposcCoeffs                                                       
20004638  _lock                                                              
000018df  _nop                                                               
00002f41  _pthread_cleanupFxn                                                
000032cb  _pthread_cleanup_pop                                               
00001969  _pthread_removeThreadKeys                                          
0000341d  _register_lock                                                     
00003429  _register_unlock                                                   
2000463c  _unlock                                                            
ffffffff  binit                                                              
00002691  copy_in                                                            
20004b34  driverlib_release_0_58048                                          
20004648  gpioCallbackFunctions                                              
20004650  gpioPinConfigs                                                     
00003bc4  inPinTypes                                                         
00002211  main                                                               
000021a9  mainThread                                                         
200046cc  main_func_sp                                                       
00001715  memcpy                                                             
00001ea5  memset                                                             
00003bd0  outPinStrengths                                                    
00003ba8  outPinTypes                                                        
200049b8  pinHandleTable                                                     
20004644  pinLowerBound                                                      
20004640  pinUpperBound                                                      
00002f89  pthread_attr_init                                                  
000033ab  pthread_attr_setdetachstate                                        
0000330b  pthread_attr_setschedparam                                         
0000348f  pthread_attr_setstacksize                                          
0000108d  pthread_create                                                     
000024f9  pthread_exit                                                       
00003441  pthread_self                                                       
00002e9d  pthread_setcancelstate                                             
00002c35  rand                                                               
00003a38  resourceDB                                                         
00002a3d  sleep                                                              
00002fad  srand                                                              
1002fddb  strlen                                                             
200042c0  ti_sysbios_BIOS_Module__state__V                                   
1002e4e1  ti_sysbios_BIOS_RtsGateProxy_Handle__label__S                      
1002eb79  ti_sysbios_BIOS_RtsGateProxy_Params__init__S                       
1002ec77  ti_sysbios_BIOS_RtsGateProxy_enter__E                              
1002ec7b  ti_sysbios_BIOS_RtsGateProxy_leave__E                              
1002ec9b  ti_sysbios_BIOS_RtsGateProxy_query__E                              
1002ec9b  ti_sysbios_BIOS_RtsGateProxy_query__E                              
00002d29  ti_sysbios_BIOS_atExitFunc__I                                      
000032e1  ti_sysbios_BIOS_exitFunc__I                                        
1002ea85  ti_sysbios_BIOS_exit__E                                            
1002e9fd  ti_sysbios_BIOS_getCpuFreq__E                                      
1002ea95  ti_sysbios_BIOS_getThreadType__E                                   
1002d01b  ti_sysbios_BIOS_linkedWithIncorrectBootLibrary__E                  
0000220f  ti_sysbios_BIOS_nullFunc__I                                        
00002fd1  ti_sysbios_BIOS_registerRTSLock__I                                 
00002ff5  ti_sysbios_BIOS_removeRTSLock__I                                   
0000307d  ti_sysbios_BIOS_rtsLock__I                                         
00003255  ti_sysbios_BIOS_rtsUnlock__I                                       
1002ea11  ti_sysbios_BIOS_setThreadType__E                                   
00002d59  ti_sysbios_BIOS_startFunc__I                                       
1002eaa5  ti_sysbios_BIOS_start__E                                           
000017b1  ti_sysbios_family_arm_cc26xx_Boot_trimDevice                       
20004624  ti_sysbios_family_arm_cc26xx_Seconds_Module__state__V              
000022d5  ti_sysbios_family_arm_cc26xx_Seconds_getTime__E                    
0000344d  ti_sysbios_family_arm_cc26xx_Seconds_get__E                        
0000376a  ti_sysbios_family_arm_cc26xx_Timer_Module__id__C                   
1002e15d  ti_sysbios_family_arm_cc26xx_Timer_Module__startupDone__S          
20004384  ti_sysbios_family_arm_cc26xx_Timer_Module__state__V                
1002dfa5  ti_sysbios_family_arm_cc26xx_Timer_Module_startup__E               
200044b8  ti_sysbios_family_arm_cc26xx_Timer_Object__table__V                
0000309d  ti_sysbios_family_arm_cc26xx_Timer_dynamicStub__E                  
000037a0  ti_sysbios_family_arm_cc26xx_Timer_funcHookCH1__C                  
00003800  ti_sysbios_family_arm_cc26xx_Timer_funcHookCH2__C                  
00003321  ti_sysbios_family_arm_cc26xx_Timer_getCount64__E                   
00002d89  ti_sysbios_family_arm_cc26xx_Timer_getCurrentTick__E               
1002ec7f  ti_sysbios_family_arm_cc26xx_Timer_getExpiredTicks__E              
00003019  ti_sysbios_family_arm_cc26xx_Timer_getMaxTicks__E                  
1002ec83  ti_sysbios_family_arm_cc26xx_Timer_getPeriod__E                    
00002db9  ti_sysbios_family_arm_cc26xx_Timer_initDevice__I                   
1002c709  ti_sysbios_family_arm_cc26xx_Timer_periodicStub__E                 
1002dfd1  ti_sysbios_family_arm_cc26xx_Timer_postInit__I                     
00002b95  ti_sysbios_family_arm_cc26xx_Timer_setNextTick__E                  
1002ec87  ti_sysbios_family_arm_cc26xx_Timer_setPeriod__E                    
00002981  ti_sysbios_family_arm_cc26xx_Timer_setThreshold__I                 
00001e1d  ti_sysbios_family_arm_cc26xx_Timer_start__E                        
000037d8  ti_sysbios_family_arm_cc26xx_Timer_startupNeeded__C                
1002dcf1  ti_sysbios_family_arm_cc26xx_Timer_startup__E                      
200042ac  ti_sysbios_family_arm_cc26xx_TimestampProvider_Module__state__V    
1002e42d  ti_sysbios_family_arm_cc26xx_TimestampProvider_Module_startup__E   
000033b9  ti_sysbios_family_arm_cc26xx_TimestampProvider_get32__E            
1002dffd  ti_sysbios_family_arm_cc26xx_TimestampProvider_get64__E            
1002eb3d  ti_sysbios_family_arm_cc26xx_TimestampProvider_getFreq__E          
00003978  ti_sysbios_family_arm_cc26xx_TimestampProvider_useClockTimer__C    
00003804  ti_sysbios_family_arm_m3_Hwi_E_NMI__C                              
00003908  ti_sysbios_family_arm_m3_Hwi_E_alreadyDefined__C                   
00003868  ti_sysbios_family_arm_m3_Hwi_E_busFault__C                         
00003990  ti_sysbios_family_arm_m3_Hwi_E_debugMon__C                         
00003c10  ti_sysbios_family_arm_m3_Hwi_E_exception__C                        
00003984  ti_sysbios_family_arm_m3_Hwi_E_hardFault__C                        
000039ac  ti_sysbios_family_arm_m3_Hwi_E_hwiLimitExceeded__C                 
00003a00  ti_sysbios_family_arm_m3_Hwi_E_memFault__C                         
000037dc  ti_sysbios_family_arm_m3_Hwi_E_noIsr__C                            
000037a8  ti_sysbios_family_arm_m3_Hwi_E_reserved__C                         
00003994  ti_sysbios_family_arm_m3_Hwi_E_svCall__C                           
000039f0  ti_sysbios_family_arm_m3_Hwi_E_usageFault__C                       
1002e451  ti_sysbios_family_arm_m3_Hwi_Handle__label__S                      
1002ce71  ti_sysbios_family_arm_m3_Hwi_Instance_finalize__E                  
[...]
1002eb13  ti_sysbios_heaps_HeapMem_restore__E                                
1002eb21  ti_sysbios_knl_Queue_empty__E                                      
1002eb2f  ti_sysbios_knl_Queue_remove__E                                     
1002eb3d  ti_sysbios_family_arm_cc26xx_TimestampProvider_getFreq__E          
1002eb3d  xdc_runtime_Timestamp_SupportProxy_getFreq__E                      
1002eb3d  xdc_runtime_Timestamp_SupportProxy_getFreq__E                      
1002eb3d  xdc_runtime_Timestamp_getFreq__E                                   
1002eb3d  xdc_runtime_Timestamp_getFreq__E                                   
1002eb49  ti_sysbios_family_arm_m3_Hwi_Params__init__S                       
1002eb49  ti_sysbios_hal_Hwi_HwiProxy_Params__init__S                        
1002eb55  ti_sysbios_family_arm_m3_Hwi_disableFxn__E                         
1002eb61  ti_sysbios_family_arm_m3_Hwi_enableFxn__E                          
1002eb6d  ti_sysbios_gates_GateHwi_enter__E                                  
1002eb79  ti_sysbios_BIOS_RtsGateProxy_Params__init__S                       
1002eb79  ti_sysbios_gates_GateMutex_Params__init__S                         
1002eb79  ti_sysbios_heaps_HeapMem_Module_GateProxy_Params__init__S          
1002eb85  ti_sysbios_heaps_HeapTrack_Params__init__S                         
1002eb91  ti_sysbios_heaps_HeapTrack_isBlocking__E                           
1002eb9d  ti_sysbios_knl_Clock_Params__init__S                               
1002eba9  ti_sysbios_knl_Clock_getTimerHandle__E                             
1002ebb5  ti_sysbios_knl_Event_Params__init__S                               
1002ebc1  ti_sysbios_knl_Mailbox_Params__init__S                             
1002ebcd  ti_sysbios_knl_Queue_dequeue__E                                    
1002ebd9  ti_sysbios_knl_Queue_enqueue__E                                    
1002ebe5  ti_sysbios_knl_Semaphore_Params__init__S                           
1002ebf1  ti_sysbios_knl_Swi_Params__init__S                                 
1002ebfd  ti_sysbios_knl_Swi_self__E                                         
1002ec09  ti_sysbios_knl_Task_Params__init__S                                
1002ec15  ti_sysbios_hal_Hwi_Instance_finalize__E                            
1002ec1f  ti_sysbios_knl_Event_Instance_init__E                              
1002ec29  ti_sysbios_family_arm_m3_Hwi_doSwiRestore__I                       
1002ec31  ti_sysbios_family_arm_m3_Hwi_startup__E                            
1002ec31  ti_sysbios_hal_Hwi_HwiProxy_startup__E                             
1002ec31  ti_sysbios_hal_Hwi_HwiProxy_startup__E                             
1002ec31  ti_sysbios_hal_Hwi_startup__E                                      
1002ec31  ti_sysbios_hal_Hwi_startup__E                                      
1002ec39  ti_sysbios_knl_Idle_loop__E                                        
1002ec41  ti_sysbios_family_arm_m3_Hwi_doTaskRestore__I                      
1002ec47  HwiP_restore                                                       
1002ec47  ti_sysbios_family_arm_m3_Hwi_restoreFxn__E                         
1002ec4d  ti_sysbios_gates_GateHwi_leave__E                                  
1002ec53  ti_sysbios_gates_GateMutex_Instance_finalize__E                    
1002ec59  ti_sysbios_heaps_HeapMem_isBlocking__E                             
1002ec5f  ti_sysbios_knl_Queue_Instance_init__E                              
1002ec65  ti_sysbios_knl_Queue_elemClear__E                                  
1002ec6b  ti_sysbios_knl_Swi_startup__E                                      
1002ec71  ti_sysbios_knl_Task_enable__E                                      
1002ec77  ti_sysbios_BIOS_RtsGateProxy_enter__E                              
1002ec7b  ti_sysbios_BIOS_RtsGateProxy_leave__E                              
1002ec7f  ti_sysbios_family_arm_cc26xx_Timer_getExpiredTicks__E              
1002ec83  ti_sysbios_family_arm_cc26xx_Timer_getPeriod__E                    
1002ec87  ti_sysbios_family_arm_cc26xx_Timer_setPeriod__E                    
1002ec8b  ti_sysbios_family_arm_m3_Hwi_delete                                
1002ec8f  ti_sysbios_family_arm_m3_TaskSupport_Module__startupDone__S        
1002ec8f  ti_sysbios_knl_Task_SupportProxy_Module__startupDone__S            
1002ec93  ti_sysbios_gates_GateHwi_query__E                                  
1002ec93  xdc_runtime_Main_Module_GateProxy_query__E                         
1002ec93  xdc_runtime_System_Module_GateProxy_query__E                       
1002ec93  xdc_runtime_System_Module_GateProxy_query__E                       
1002ec97  ti_sysbios_gates_GateMutex_delete                                  
1002ec9b  ti_sysbios_BIOS_RtsGateProxy_query__E                              
1002ec9b  ti_sysbios_BIOS_RtsGateProxy_query__E                              
1002ec9b  ti_sysbios_gates_GateMutex_query__E                                
1002ec9b  ti_sysbios_heaps_HeapMem_Module_GateProxy_query__E                 
1002ec9b  ti_sysbios_heaps_HeapMem_Module_GateProxy_query__E                 
1002ec9f  ti_sysbios_hal_Hwi_HwiProxy_create                                 
1002eca3  ti_sysbios_hal_Hwi_HwiProxy_delete                                 
1002eca7  ti_sysbios_hal_Hwi_delete                                          
1002ecab  ti_sysbios_heaps_HeapMem_Module_GateProxy_enter__E                 
1002ecaf  ti_sysbios_heaps_HeapMem_Module_GateProxy_leave__E                 
1002ecb3  ti_sysbios_knl_Clock_TimerProxy_getExpiredTicks__E                 
1002ecb7  ti_sysbios_knl_Clock_TimerProxy_getPeriod__E                       
1002ecbb  ti_sysbios_knl_Clock_delete                                        
1002ecbf  ti_sysbios_knl_Clock_removeI__E                                    
1002ecc3  ti_sysbios_knl_Clock_setTimeout__E                                 
1002ecc7  ti_sysbios_knl_Event_delete                                        
1002eccb  ti_sysbios_knl_Mailbox_delete                                      
1002eccf  ti_sysbios_knl_Queue_delete                                        
1002ecd3  ti_sysbios_knl_Queue_head__E                                       
1002ecd7  ti_sysbios_knl_Queue_next__E                                       
1002ecdb  ti_sysbios_knl_Semaphore_delete                                    
1002ecdf  ti_sysbios_knl_Swi_delete                                          
1002ece3  ti_sysbios_knl_Swi_postInit__I                                     
1002ece7  ti_sysbios_knl_Task_delete                                         
1002eceb  ti_sysbios_knl_Task_startup__E                                     
1002ecf1  xdc_runtime_System_doPrint__I                                      
1002f055  xdc_runtime_Startup_startMods__I                                   
1002f15d  xdc_runtime_Text_putSite__E                                        
1002f1f7  xdc_runtime_Error_policySpin__E                                    
1002f1f9  xdc_runtime_Text_putMod__E                                         
1002f289  xdc_runtime_Memory_alloc__E                                        
1002f2f9  xdc_runtime_Core_createObject__I                                   
1002f367  xdc_runtime_Core_deleteObject__I                                   
1002f3c5  xdc_runtime_Text_putLab__E                                         
1002f421  xdc_runtime_Assert_raise__I                                        
1002f475  xdc_runtime_Startup_exec__E                                        
1002f4c9  xdc_runtime_Core_assignParams__I                                   
1002f511  xdc_runtime_Core_constructObject__I                                
1002f559  xdc_runtime_System_atexit__E                                       
1002f5a1  xdc_runtime_Text_xprintf__I                                        
1002f5e5  xdc_runtime_System_processAtExit__E                                
1002f625  xdc_runtime_System_putchar__I                                      
1002f659  xdc_runtime_Core_assignLabel__I                                    
1002f689  xdc_runtime_Text_printVisFxn__I                                    
1002f6b9  xdc_runtime_System_vprintf__E                                      
1002f6e5  xdc_runtime_Text_cordText__E                                       
1002f711  xdc_runtime_System_abort__E                                        
1002f739  xdc_runtime_Error_raiseX__E                                        
1002f759  xdc_runtime_Registry_findById__E                                   
1002f779  xdc_runtime_Error_check__E                                         
1002f795  xdc_runtime_Memory_valloc__E                                       
1002f7b1  xdc_runtime_System_exit__E                                         
1002f7cd  xdc_runtime_Text_ropeText__E                                       
1002f7e9  xdc_runtime_System_printf__E                                       
1002f803  xdc_runtime_Core_destructObject__I                                 
1002f81b  xdc_runtime_System_abortSpin__E                                    
1002f81d  xdc_runtime_Memory_free__E                                         
1002f831  xdc_runtime_Memory_getStats__E                                     
1002f845  xdc_runtime_SysCallback_abort__E                                   
1002f845  xdc_runtime_System_SupportProxy_abort__E                           
1002f859  xdc_runtime_SysCallback_exit__E                                    
1002f859  xdc_runtime_System_SupportProxy_exit__E                            
1002f86d  xdc_runtime_SysCallback_flush__E                                   
1002f86d  xdc_runtime_System_SupportProxy_flush__E                           
1002f86d  xdc_runtime_System_flush__E                                        
1002f881  xdc_runtime_SysCallback_putch__E                                   
1002f881  xdc_runtime_System_SupportProxy_putch__E                           
1002f895  xdc_runtime_SysCallback_ready__E                                   
1002f895  xdc_runtime_System_SupportProxy_ready__E                           
1002f8a9  xdc_runtime_Memory_getMaxDefaultTypeAlign__E                       
1002f8b9  xdc_runtime_System_vsnprintf__E                                    
1002f8c9  xdc_runtime_Timestamp_SupportProxy_get32__E                        
1002f8c9  xdc_runtime_Timestamp_SupportProxy_get32__E                        
1002f8c9  xdc_runtime_Timestamp_get32__E                                     
1002f8c9  xdc_runtime_Timestamp_get32__E                                     
1002f8d9  xdc_runtime_Memory_calloc__E                                       
1002f8e5  xdc_runtime_Startup_rtsDone__E                                     
1002f8f1  xdc_runtime_Memory_HeapProxy_alloc__E                              
1002f8fb  xdc_runtime_Memory_HeapProxy_free__E                               
1002f905  xdc_runtime_Memory_HeapProxy_getStats__E                           
1002f90f  xdc_runtime_Gate_leaveSystem__E                                    
1002f915  xdc_runtime_System_Module_startup__E                               
1002f91b  xdc_runtime_Gate_enterSystem__E                                    
1002f91f  xdc_runtime_SysCallback_Module__startupDone__S                     
1002f91f  xdc_runtime_System_SupportProxy_Module__startupDone__S             
1002f923  xdc_runtime_System_Module_GateProxy_enter__E                       
1002f927  xdc_runtime_System_Module_GateProxy_leave__E                       
1002f92b  xdc_runtime_System_printf_va__F                                    
1002f92f  xdc_runtime_System_exitSpin__E                                     
1002f931  ti_sysbios_family_arm_m3_Hwi_dispatch__I                           
1002fa11  ti_sysbios_family_arm_m3_Hwi_interruptsAreDisabledButShouldNotBe   
1002fa2d  ti_sysbios_family_arm_m3_TaskSupport_buildTaskStack                
1002fab9  ti_sysbios_family_arm_m3_Hwi_initStacks__E                         
1002fb11  ti_sysbios_family_arm_m3_Hwi_pendSV__I                             
1002fb35  ti_sysbios_family_arm_m3_Hwi_return                                
1002fb39  ti_sysbios_family_arm_m3_Hwi_excHandlerAsm__I                      
1002fb59  ti_sysbios_family_xxx_Hwi_switchAndRunFunc                         
1002fb77  ti_sysbios_family_arm_m3_TaskSupport_swap__E                       
1002fb77  ti_sysbios_knl_Task_SupportProxy_swap__E                           
1002fb77  ti_sysbios_knl_Task_SupportProxy_swap__E                           
1002fb83  ti_sysbios_knl_Task_swapReturn                                     
1002fb8f  ti_sysbios_family_arm_m3_TaskSupport_glue                          
1002fba0  ti_sysbios_knl_Task_Object__PARAMS__C                              
1002fbdc  ti_sysbios_knl_Mailbox_Object__PARAMS__C                           
1002fc10  ti_sysbios_family_arm_m3_Hwi_Object__PARAMS__C                     
1002fc40  ti_sysbios_hal_Hwi_Object__PARAMS__C                               
1002fc6c  ti_sysbios_knl_Swi_Object__PARAMS__C                               
1002fc94  ti_sysbios_heaps_HeapMem_Object__PARAMS__C                         
1002fcb8  ti_sysbios_knl_Clock_Object__PARAMS__C                             
1002fcdc  ti_sysbios_knl_Semaphore_Object__PARAMS__C                         
1002fd00  ti_sysbios_gates_GateHwi_Object__PARAMS__C                         
1002fd18  ti_sysbios_gates_GateMutex_Object__PARAMS__C                       
1002fd30  ti_sysbios_knl_Event_Object__PARAMS__C                             
1002fd48  ti_sysbios_knl_Queue_Object__PARAMS__C                             
1002fd80  ti_sysbios_heaps_HeapTrack_Object__PARAMS__C                       
1002fd9c  ti_sysbios_heaps_HeapTrack_Instance_State_trackQueue__O            
1002fda0  ti_sysbios_heaps_HeapTrack_Module__diagsEnabled__C                 
1002fda4  ti_sysbios_heaps_HeapTrack_Module__diagsIncluded__C                
1002fda8  ti_sysbios_heaps_HeapTrack_Module__diagsMask__C                    
1002fddb  strlen                                                             
20000000  __start___llvm_prf_cnts                                            
20000000  __stop___llvm_prf_cnts                                             
20000000  ti_sysbios_family_arm_m3_Hwi_ramVectors                            
20000100  xdcRomConstPtr                                                     
20000104  xdcRomExternFuncPtr                                                
20000108  xdcRomStatePtr                                                     
20000110  __primary_heap_start__                                             
20004110  PowerCC26X2_module                                                 
20004110  __primary_heap_end__                                               
20004280  ROM_stateStruct                                                    
20004280  ti_sysbios_knl_Clock_Module__state__V                              
200042ac  ti_sysbios_family_arm_cc26xx_TimestampProvider_Module__state__V    
200042b0  xdc_runtime_Startup_Module__state__V                               
200042b8  xdc_runtime_Registry_Module__state__V                              
200042c0  ti_sysbios_BIOS_Module__state__V                                   
200042e4  ti_sysbios_knl_Swi_Module__state__V                                
20004300  ti_sysbios_knl_Task_Module__state__V                               
20004344  xdc_runtime_Memory_Module__state__V                                
20004348  xdc_runtime_System_Module__state__V                                
20004350  ti_sysbios_family_arm_m3_Hwi_Module__state__V                      
20004384  ti_sysbios_family_arm_cc26xx_Timer_Module__state__V                
20004414  ti_sysbios_gates_GateMutex_Object__table__V                        
20004468  ti_sysbios_knl_Task_Object__table__V                               
200044b8  ti_sysbios_family_arm_cc26xx_Timer_Object__table__V                
20004500  ti_sysbios_knl_Swi_Module_State_0_readyQ__A                        
20004530  ti_sysbios_knl_Swi_Object__table__V                                
20004560  ti_sysbios_knl_Task_Module_State_0_readyQ__A                       
20004590  _hposcCoeffs                                                       
200045b4  ti_sysbios_knl_Clock_Object__table__V                              
200045d4  xdc_runtime_Error_IgnoreBlock                                      
200045f4  ti_sysbios_family_arm_m3_Hwi_Object__table__V                      
2000460c  ti_sysbios_heaps_HeapMem_Object__table__V                          
20004624  ti_sysbios_family_arm_cc26xx_Seconds_Module__state__V              
20004638  _lock                                                              
2000463c  _unlock                                                            
20004640  pinUpperBound                                                      
20004644  pinLowerBound                                                      
20004648  gpioCallbackFunctions                                              
20004650  gpioPinConfigs                                                     
20004658  ti_sysbios_family_arm_m3_Hwi_Module__root__V                       
20004660  ti_sysbios_gates_GateHwi_Module__root__V                           
20004668  ti_sysbios_gates_GateMutex_Module__root__V                         
20004670  ti_sysbios_hal_Hwi_Module__root__V                                 
20004678  ti_sysbios_heaps_HeapMem_Module__root__V                           
20004680  ti_sysbios_knl_Clock_Module__root__V                               
20004688  ti_sysbios_knl_Event_Module__root__V                               
20004690  ti_sysbios_knl_Mailbox_Module__root__V                             
20004698  ti_sysbios_knl_Queue_Module__root__V                               
200046a0  ti_sysbios_knl_Semaphore_Module__root__V                           
200046a8  ti_sysbios_knl_Swi_Module__root__V                                 
200046b0  ti_sysbios_knl_Task_Module__root__V                                
200046b8  xdc_runtime_System_Module_State_0_atexitHandlers__A                
200046c6  ti_sysbios_family_arm_m3_Hwi_Module_State_0_excActive__A           
200046cc  main_func_sp                                                       
200046d0  ti_sysbios_family_arm_m3_Hwi_Module_State_0_excContext__A          
200046d4  ti_sysbios_family_arm_m3_Hwi_Module_State_0_excStack__A            
200046d8  ti_sysbios_knl_Task_Module_State_0_idleTask__A                     
200046e0  ti_sysbios_knl_Task_Instance_State_0_stack__A                      
200048e0  ti_sysbios_family_arm_m3_Hwi_dispatchTable                         
200049b8  pinHandleTable                                                     
20004b2c  PowerCC26XX_swiKey                                                 
20004b30  PowerCC26XX_taskKey                                                
20004b34  driverlib_release_0_58048                                          
20013c00  __stack                                                            
20014000  __STACK_END                                                        
e000e000  ti_sysbios_family_arm_m3_Hwi_nvic                                  
ffffffff  __TI_pprof_out_hndl                                                
ffffffff  __TI_prof_data_size                                                
ffffffff  __TI_prof_data_start                                               
ffffffff  __binit__                                                          
ffffffff  __c_args__                                                         
ffffffff  binit                                                              
UNDEFED   ITM_flush                                                          
UNDEFED   ITM_restore                                                        
UNDEFED   SHT$$INIT_ARRAY$$Base                                              
UNDEFED   SHT$$INIT_ARRAY$$Limit                                             

[816 symbols]
